// Jest Snapshot v1, https://goo.gl/fbAQLP

exports[`HistoryItem Component renders post item with up and down links 1`] = `
<li class="p-3 py-5 bg-white shadow-lg rounded-sm white-box w-full">
  Moved post 1 from index 1 to index 2
  <button class="bg-green-200 hover:bg-green-300 py-1 px-2 rounded ml-3">
    Time travel
  </button></li>
`;
